;(NFKC)=;
;(NFC)=;
;(NFD)=;
;(NFKD)=;
․(NFKC)=.
․(NFKD)=.
⁺(NFKC)=+
⁺(NFKD)=+
₊(NFKC)=+
₊(NFKD)=+
﬩(NFKC)=+
﬩(NFKD)=+
︐(NFKC)=,
︐(NFKD)=,
︓(NFKC)=:
︓(NFKD)=:
︔(NFKC)=;
︔(NFKD)=;
︕(NFKC)=!
︕(NFKD)=!
︷(NFKC)={
︷(NFKD)={
︸(NFKC)=}
︸(NFKD)=}
﹇(NFKC)=[
﹇(NFKD)=[
﹈(NFKC)=]
﹈(NFKD)=]
﹐(NFKC)=,
﹐(NFKD)=,
﹒(NFKC)=.
﹒(NFKD)=.
﹔(NFKC)=;
﹔(NFKD)=;
﹕(NFKC)=:
﹕(NFKD)=:
﹗(NFKC)=!
﹗(NFKD)=!
﹛(NFKC)={
﹛(NFKD)={
﹜(NFKC)=}
﹜(NFKD)=}
﹟(NFKC)=#
﹟(NFKD)=#
﹡(NFKC)=*
﹡(NFKD)=*
﹢(NFKC)=+
﹢(NFKD)=+
﹤(NFKC)=<
﹤(NFKD)=<
﹥(NFKC)=>
﹥(NFKD)=>
﹨(NFKC)=\
﹨(NFKD)=\
﹪(NFKC)=%
﹪(NFKD)=%
﹫(NFKC)=@
﹫(NFKD)=@
！(NFKC)=!
！(NFKD)=!
＂(NFKC)="
＂(NFKD)="
＃(NFKC)=#
＃(NFKD)=#
％(NFKC)=%
％(NFKD)=%
＇(NFKC)='
＇(NFKD)='
＊(NFKC)=*
＊(NFKD)=*
＋(NFKC)=+
＋(NFKD)=+
，(NFKC)=,
，(NFKD)=,
．(NFKC)=.
．(NFKD)=.
／(NFKC)=/
／(NFKD)=/
：(NFKC)=:
：(NFKD)=:
；(NFKC)=;
；(NFKD)=;
＜(NFKC)=<
＜(NFKD)=<
＞(NFKC)=>
＞(NFKD)=>
＠(NFKC)=@
＠(NFKD)=@
［(NFKC)=[
［(NFKD)=[
＼(NFKC)=\
＼(NFKD)=\
］(NFKC)=]
］(NFKD)=]
｛(NFKC)={
｛(NFKD)={
｜(NFKC)=|
｜(NFKD)=|
｝(NFKC)=}
｝(NFKD)=}
～(NFKC)=~
～(NFKD)=~